---
source: tests/unit/frontend_snapshot.rs
expression: normalize_newline(&rendered)
---
Koukai @0..6
Identifier("足す") @7..13
ToIu @14..23
Tejun @24..30
LBracket @30..33
Identifier("a") @33..34
Colon @34..35
Particle(Wo) @35..38
Comma @38..41
Identifier("b") @41..42
Colon @42..43
Particle(Wo) @43..46
RBracket @46..49
Newline @49..50
Indent @50..52
Identifier("結果") @52..58
Ha @59..62
Identifier("a") @63..64
Particle(To) @64..67
Identifier("b") @67..68
AccessParticle @68..71
Identifier("和") @71..74
Newline @74..75
Identifier("結果") @77..83
Particle(Wo) @83..86
Kaesu @87..93
Newline @93..94
Dedent @94..94
String("数学") @94..106
Particle(Kara) @106..112
String("平方根") @113..128
Particle(Wo) @128..131
Tsukau @132..138
Newline @138..139
Eof @139..139
